// Jest Snapshot v1, https://goo.gl/fbAQLP

exports[`Form should match the snapshot 1`] = `
<form>
  <input
    name="name"
    onChange={[Function]}
    placeholder="Name..."
    type="text"
    value=""
  />
  <input
    name="date"
    onChange={[Function]}
    placeholder="01/01"
    type="text"
    value=""
  />
  <input
    name="time"
    onChange={[Function]}
    placeholder="12:00"
    type="text"
    value=""
  />
  <input
    name="number"
    onChange={[Function]}
    placeholder="Number of people..."
    type="text"
    value=""
  />
  <button
    className="submit-btn"
    onClick={[Function]}
  >
    Submit
  </button>
</form>
`;
