// Jest Snapshot v1, https://goo.gl/fbAQLP

exports[`Container should match the snapshot 1`] = `
<section>
  <form
    className="sorter"
  >
    <select
      name="order"
      onChange={[Function]}
    >
      <option />
      <option
        value="earliest"
      >
        Earliest to Latest
      </option>
      <option
        value="latest"
      >
        Latest to Earliest
      </option>
    </select>
    <button
      className="sort-btn"
      onClick={[Function]}
    >
      Sort Reservations
    </button>
  </form>
  <Card
    key="Christie-12/29-"
    removeReservation={[MockFunction]}
    reservation={
      Object {
        "date": "12/29",
        "id": 1,
        "name": "Christie",
        "number": 12,
        "time": "7:00",
      }
    }
  />
</section>
`;
