// Jest Snapshot v1, https://goo.gl/fbAQLP

exports[`Card should match the snapshot 1`] = `
<article>
  <h2>
    Christie
  </h2>
  <h2>
    12/29
  </h2>
  <h2>
    7:00
  </h2>
  <h2>
    12
  </h2>
</article>
`;
